// Jest Snapshot v1, https://goo.gl/fbAQLP

exports[`<Login /> with no props should match the snapshot 1`] = `"<div class=\\"FormCenter\\"><form class=\\"FormFields\\"><div class=\\"FormField\\"><label class=\\"FormField__Label\\" for=\\"email\\">E-Mail Address</label><input type=\\"email\\" id=\\"email\\" class=\\"FormField__Input\\" placeholder=\\"Enter your email\\" name=\\"email\\" value=\\"\\"/></div><div class=\\"FormField\\"><label class=\\"FormField__Label\\" for=\\"password\\">Password</label><input type=\\"password\\" id=\\"password\\" class=\\"FormField__Input\\" placeholder=\\"Enter your password\\" name=\\"password\\" value=\\"\\"/></div><div class=\\"FormField\\"><button class=\\"FormField__Button \\">Sign In</button> <button to=\\"/\\" class=\\"FormField__Button \\">Sign In with google</button></div></form></div>"`;
